----------------------------------------
UTC Time: Wed Aug 12 14:02:21 UTC 2026
Event: workflow_dispatch
Run ID: 31604584094
----------------------------------------
UTC Time: Wed Aug 12 14:39:05 UTC 2026
Event: schedule
Run ID: 31607937667
----------------------------------------
UTC Time: Wed Aug 12 16:31:26 UTC 2026
Event: schedule
Run ID: 31617977994
----------------------------------------
UTC Time: Wed Aug 12 18:03:49 UTC 2026
Event: schedule
Run ID: 31625748864
----------------------------------------
UTC Time: Wed Aug 12 20:06:17 UTC 2026
Event: schedule
Run ID: 31635944896
----------------------------------------
UTC Time: Wed Aug 12 21:25:41 UTC 2026
Event: schedule
Run ID: 31642462878
----------------------------------------
UTC Time: Wed Aug 12 22:24:44 UTC 2026
Event: schedule
Run ID: 31646825450
----------------------------------------
UTC Time: Thu Aug 13 00:02:54 UTC 2026
Event: schedule
Run ID: 31653062136
----------------------------------------
UTC Time: Thu Aug 13 05:23:10 UTC 2026
Event: schedule
Run ID: 31670124620
----------------------------------------
UTC Time: Thu Aug 13 06:04:29 UTC 2026
Event: schedule
Run ID: 31672502353
----------------------------------------
UTC Time: Thu Aug 13 09:50:35 UTC 2026
Event: schedule
Run ID: 31688405292
----------------------------------------
UTC Time: Thu Aug 13 10:40:33 UTC 2026
Event: schedule
Run ID: 31692136697
----------------------------------------
UTC Time: Thu Aug 13 14:35:24 UTC 2026
Event: schedule
Run ID: 31710979793
----------------------------------------
UTC Time: Thu Aug 13 18:04:25 UTC 2026
Event: schedule
Run ID: 31728890059
----------------------------------------
UTC Time: Thu Aug 13 18:13:53 UTC 2026
Event: schedule
Run ID: 31729682389
----------------------------------------
UTC Time: Thu Aug 13 20:07:26 UTC 2026
Event: schedule
Run ID: 31739270592
----------------------------------------
UTC Time: Thu Aug 13 21:27:28 UTC 2026
Event: schedule
Run ID: 31745710869
----------------------------------------
UTC Time: Thu Aug 13 22:25:38 UTC 2026
Event: schedule
Run ID: 31749890842
----------------------------------------
UTC Time: Fri Aug 14 00:02:57 UTC 2026
Event: schedule
Run ID: 31756004824
----------------------------------------
UTC Time: Fri Aug 14 05:19:52 UTC 2026
Event: schedule
Run ID: 31772650583
----------------------------------------
UTC Time: Fri Aug 14 06:03:32 UTC 2026
Event: schedule
Run ID: 31774989638
----------------------------------------
UTC Time: Fri Aug 14 09:44:52 UTC 2026
Event: schedule
Run ID: 31789352758
----------------------------------------
UTC Time: Fri Aug 14 10:34:12 UTC 2026
Event: schedule
Run ID: 31792728642
----------------------------------------
UTC Time: Fri Aug 14 12:31:08 UTC 2026
Event: schedule
Run ID: 31800663962
----------------------------------------
UTC Time: Fri Aug 14 14:30:04 UTC 2026
Event: schedule
Run ID: 31809788349
----------------------------------------
UTC Time: Fri Aug 14 16:09:26 UTC 2026
Event: schedule
Run ID: 31817975736
----------------------------------------
UTC Time: Fri Aug 14 17:41:29 UTC 2026
Event: schedule
Run ID: 31825141458
----------------------------------------
UTC Time: Fri Aug 14 19:35:05 UTC 2026
Event: schedule
Run ID: 31833908013
----------------------------------------
UTC Time: Fri Aug 14 19:59:07 UTC 2026
Event: schedule
Run ID: 31835744379
----------------------------------------
UTC Time: Fri Aug 14 21:12:02 UTC 2026
Event: schedule
Run ID: 31841366268
----------------------------------------
UTC Time: Fri Aug 14 21:46:18 UTC 2026
Event: schedule
Run ID: 31843855268
